// Jest Snapshot v1, https://goo.gl/fbAQLP

exports[`combat flow by automatic fight samurai skill object list is 1`] = `
Array [
  Object {
    "doit": 2,
    "fill": 0,
    "mul": 2,
    "select": 1,
    "type": 1,
  },
  Object {
    "doit": 2,
    "fill": 2,
    "mul": 4,
    "select": 1,
    "type": 1,
  },
  Object {
    "doit": 2,
    "fill": 4,
    "mul": 2,
    "select": 2,
    "type": 1,
  },
]
`;

exports[`encounter setup 1`] = `
Object {
  "mobList": Array [
    Object {
      "ability": Object {
        "body": 28,
        "joyful": 110,
        "popular": 18,
        "reaction": 25,
        "soul": 25,
        "stamina": 123,
        "title": "Icelander",
        "will": 160,
      },
      "avatar": 2,
      "condition": Object {
        "joyfulState": 110,
        "staminaState": 123,
        "willState": 160,
      },
      "coord": 1,
      "level": 5,
      "name": "icelander level:5",
      "professionType": "icelander",
      "team": 2,
      "uid": "id:icelander-5",
    },
    Object {
      "ability": Object {
        "body": 26,
        "joyful": 156,
        "popular": 41,
        "reaction": 30,
        "soul": 34,
        "stamina": 174,
        "title": "Bishop",
        "will": 228,
      },
      "avatar": 2,
      "condition": Object {
        "joyfulState": 156,
        "staminaState": 174,
        "willState": 228,
      },
      "coord": 1,
      "level": 6,
      "name": "bishop level:6",
      "professionType": "bishop",
      "team": 2,
      "uid": "id:bishop-6",
    },
    Object {
      "ability": Object {
        "body": 23,
        "joyful": 110,
        "popular": 18,
        "reaction": 28,
        "soul": 13,
        "stamina": 123,
        "title": "Assasin",
        "will": 148,
      },
      "avatar": 2,
      "condition": Object {
        "joyfulState": 110,
        "staminaState": 123,
        "willState": 148,
      },
      "coord": 1,
      "level": 5,
      "name": "assasin level:5",
      "professionType": "assasin",
      "team": 2,
      "uid": "id:assasin-5",
    },
    Object {
      "ability": Object {
        "body": 14,
        "joyful": 72,
        "popular": 13,
        "reaction": 21,
        "soul": 13,
        "stamina": 96,
        "title": "Ninja",
        "will": 80,
      },
      "avatar": 2,
      "condition": Object {
        "joyfulState": 72,
        "staminaState": 96,
        "willState": 80,
      },
      "coord": 1,
      "level": 4,
      "name": "ninja level:4",
      "professionType": "ninja",
      "team": 1,
      "uid": "id:ninja-4",
    },
    Object {
      "ability": Object {
        "body": 43,
        "joyful": 210,
        "popular": 39,
        "reaction": 48,
        "soul": 34,
        "stamina": 357,
        "title": "Samurai",
        "will": 284,
      },
      "avatar": 2,
      "condition": Object {
        "joyfulState": 210,
        "staminaState": 357,
        "willState": 284,
      },
      "coord": 1,
      "level": 7,
      "name": "samurai level:7",
      "professionType": "samurai",
      "team": 1,
      "uid": "id:samurai-7",
    },
    Object {
      "ability": Object {
        "body": 13,
        "joyful": 72,
        "popular": 18,
        "reaction": 13,
        "soul": 18,
        "stamina": 96,
        "title": "Merchant",
        "will": 112,
      },
      "avatar": 2,
      "condition": Object {
        "joyfulState": 72,
        "staminaState": 96,
        "willState": 112,
      },
      "coord": 1,
      "level": 4,
      "name": "merchant level:4",
      "professionType": "merchant",
      "team": 1,
      "uid": "id:merchant-4",
    },
  ],
}
`;

exports[`samurai lvl 5 1`] = `
Object {
  "ability": Object {
    "body": 25,
    "joyful": 110,
    "popular": 23,
    "reaction": 28,
    "soul": 20,
    "stamina": 185,
    "title": "Samurai",
    "will": 148,
  },
  "avatar": 2,
  "condition": Object {
    "joyfulState": 110,
    "staminaState": 185,
    "willState": 148,
  },
  "coord": 1,
  "level": 5,
  "name": "samurai level:5",
  "professionType": "samurai",
  "team": 1,
  "uid": "id:samurai-5",
}
`;
